------------------------------------------------------------
Timing Analyzer Summary
------------------------------------------------------------

Type  : Slow 1200mV 85C Model Setup 'my_pll|altpll_component|auto_generated|pll1|clk[0]'
Slack : 84.639
TNS   : 0.000

Type  : Slow 1200mV 85C Model Hold 'my_pll|altpll_component|auto_generated|pll1|clk[0]'
Slack : 0.357
TNS   : 0.000

Type  : Slow 1200mV 85C Model Minimum Pulse Width 'clock_in'
Slack : 9.835
TNS   : 0.000

Type  : Slow 1200mV 85C Model Minimum Pulse Width 'my_pll|altpll_component|auto_generated|pll1|clk[0]'
Slack : 99.746
TNS   : 0.000

Type  : Slow 1200mV 0C Model Setup 'my_pll|altpll_component|auto_generated|pll1|clk[0]'
Slack : 86.243
TNS   : 0.000

Type  : Slow 1200mV 0C Model Hold 'my_pll|altpll_component|auto_generated|pll1|clk[0]'
Slack : 0.311
TNS   : 0.000

Type  : Slow 1200mV 0C Model Minimum Pulse Width 'clock_in'
Slack : 9.818
TNS   : 0.000

Type  : Slow 1200mV 0C Model Minimum Pulse Width 'my_pll|altpll_component|auto_generated|pll1|clk[0]'
Slack : 99.743
TNS   : 0.000

Type  : Fast 1200mV 0C Model Setup 'my_pll|altpll_component|auto_generated|pll1|clk[0]'
Slack : 91.145
TNS   : 0.000

Type  : Fast 1200mV 0C Model Hold 'my_pll|altpll_component|auto_generated|pll1|clk[0]'
Slack : 0.185
TNS   : 0.000

Type  : Fast 1200mV 0C Model Minimum Pulse Width 'clock_in'
Slack : 9.587
TNS   : 0.000

Type  : Fast 1200mV 0C Model Minimum Pulse Width 'my_pll|altpll_component|auto_generated|pll1|clk[0]'
Slack : 99.759
TNS   : 0.000

------------------------------------------------------------
